python : C:\Users\kumar\App
Data\Local\Programs\Python\
Python310\lib\site-packages
\AppOpener\check.py:76: 
ResourceWarning: unclosed 
file <_io.TextIOWrapper nam
e='C:\\Users\\kumar\\AppDat
a\\Local\\Programs\\Python\
\Python310\\lib\\site-packa
ges\\AppOpener\\Data\\app_n
ames.json' mode='r' 
encoding='cp1252'>
At line:1 char:1
+ python 
Backend/TestRefactoring.py 
> test_output.txt 2>&1
+ ~~~~~~~~~~~~~~~~~~~~~~~~~
~~~~~~~~~~~~~~~~~~~~~~~~~~~
~~~~
    + CategoryInfo         
     : NotSpeci    fied: 
(C:\Users\k    
umar\...oding='cp    
1252'>:String) []    , 
RemoteException
    + FullyQualifiedE    
rrorId : NativeCo    
mmandError
 
  update_list.check_new_nam
e()
ResourceWarning: Enable 
tracemalloc to get the 
object allocation traceback
C:\Users\kumar\AppData\Loca
l\Programs\Python\Python310
\lib\site-packages\AppOpene
r\check.py:76: 
ResourceWarning: unclosed 
file <_io.TextIOWrapper nam
e='C:\\Users\\kumar\\AppDat
a\\Local\\Programs\\Python\
\Python310\\lib\\site-packa
ges\\AppOpener\\Data\\app_n
ames_temp.json' mode='r' 
encoding='cp1252'>
  update_list.check_new_nam
e()
ResourceWarning: Enable 
tracemalloc to get the 
object allocation traceback
C:\Users\kumar\AppData\Loca
l\Programs\Python\Python310
\lib\site-packages\AppOpene
r\check.py:76: 
ResourceWarning: unclosed 
file <_io.TextIOWrapper nam
e='C:\\Users\\kumar\\AppDat
a\\Local\\Programs\\Python\
\Python310\\lib\\site-packa
ges\\AppOpener\\Data\\app_n
ames_temp.json' mode='r+' 
encoding='cp1252'>
  update_list.check_new_nam
e()
ResourceWarning: Enable 
tracemalloc to get the 
object allocation traceback
pygame-ce 2.5.6 (SDL 2.32.10, Python 3.10.11)
DEBUG: HuggingFaceAPIKey loaded (Length: 37)
[GoalManager] Goal Created: tell me a story about AI (ID: f311e6c7)
[GoalManager] Executing Goal: tell me a story about AI
[GSO] Goal Extracted: Goal(name='story', target=None, content='AI', 
priority='normal', response_mode='ACTION')
[GoalManager] Content/Query Goal detected. Bypassing Automation/Verifier.
[Content] Generating content for: AI
[GoalManager] Goal Created: message mom (ID: e8f10245)
[GoalManager] Executing Goal: message mom
[GSO] Goal Extracted: Goal(name='send_whatsapp', target='Mom', content=None, 
priority='normal', response_mode='ACTION')
[Safety] Inferred default message for 'Mom': 'Hi'
[GoalManager] Decomposed into 1 subgoals: ['generate content about Hi']

[GoalManager] Starting Subgoal 1/1: generate content about Hi
.EC:\Users\kumar\AppData\Lo
cal\Programs\Python\Python3
10\lib\site-packages\cohere
\core\unchecked_base_model.
py:236: 
PydanticDeprecatedSince20: 
The `__fields__` attribute 
is deprecated, use the 
`model_fields` class 
property instead. 
Deprecated in Pydantic 
V2.0 to be removed in 
V3.0. See Pydantic V2 
Migration Guide at https://
errors.pydantic.dev/2.12/mi
gration/
  if inner_type.__fields__[
metadata.discriminant].defa
ult == 
objects_discriminant:
[Subgoal] Executing: ['content Hi']
[AUTOMATION] Automation() CALLED
[AUTOMATION] Commands received: ['content Hi']
[Automation] Compiled commands: ['content hi']
[AUTOMATION] Executing command: content hi
Content written to: Data\hi.txt
C:\Users\kumar\AppData\Loca
l\Programs\Python\Python310
\lib\subprocess.py:1072: 
ResourceWarning: 
subprocess 22008 is still 
running
  _warn("subprocess %s is 
still running" % self.pid,
ResourceWarning: Enable 
tracemalloc to get the 
object allocation traceback
[Timing] execute_step took 1.72s
[AUTOMATION] Step result: Outcome(success=True, reason=None, evidence=None)
[StrategyHealth] ask_user SUCCESS. New Score: 1.00
[GoalManager] Executing Goal: message mom
[GSO] Goal Extracted: Goal(name='send_whatsapp', target='Brother', 
content=None, priority='normal', response_mode='ACTION')
[Safety] Inferred default message for 'Brother': 'Hey'
[GoalManager] Decomposed into 1 subgoals: ['generate content about Hey']

[GoalManager] Starting Subgoal 1/1: generate content about Hey
[Subgoal] Executing: ['content Clarify the goal for the WhatsApp message to 
Brother']
[AUTOMATION] Automation() CALLED
[AUTOMATION] Commands received: ['content Clarify the goal for the WhatsApp 
message to Brother']
[Automation] Compiled commands: ['content clarify the goal for the whatsapp 
message to brother']
[AUTOMATION] Executing command: content clarify the goal for the whatsapp 
message to brother
Content written to: 
Data\clarify_the_goal_for_the_whatsapp_message_to_brother.txt
C:\Users\kumar\AppData\Loca
l\Programs\Python\Python310
\lib\subprocess.py:1072: 
ResourceWarning: 
subprocess 20860 is still 
running
  _warn("subprocess %s is 
still running" % self.pid,
ResourceWarning: Enable 
tracemalloc to get the 
object allocation traceback
[Timing] execute_step took 1.44s
[AUTOMATION] Step result: Outcome(success=True, reason=None, evidence=None)
.
===========================
===========================
================
ERROR: 
test_strategy_health_logic 
(__main__.TestRefactoring)
Part 4: Standardize 
StrategyHealth Class
---------------------------
---------------------------
----------------
Traceback (most recent 
call last):
  File "D:\JARVIS 2\jarvis-
ai-assistant\Backend\TestRe
factoring.py", line 20, in 
test_strategy_health_logic
    self.assertEqual(health
.failures, 0)
AttributeError: 
'StrategyHealth' object 
has no attribute 'failures'

---------------------------
---------------------------
----------------
Ran 3 tests in 44.065s

FAILED (errors=1)
[StrategyHealth] ask_user SUCCESS. New Score: 1.00
sys:1: ResourceWarning: 
unclosed <ssl.SSLSocket 
fd=1492, family=AddressFami
ly.AF_INET, type=SocketKind
.SOCK_STREAM, proto=0, 
laddr=('10.2.0.2', 59180), 
raddr=('34.96.76.122', 
443)>
